###############################################################################
#
# IAR ELF Linker V8.32.1.169/W32 for ARM                  21/Mar/2019  16:52:37
# Copyright 2007-2018 IAR Systems AB.
#
#    Output file  =  E:\project\led88_neui\led88\EWARM\led88\Exe\led88.out
#    Map file     =  E:\project\led88_neui\led88\EWARM\led88\List\led88.map
#    Command line =  
#        -f C:\Users\Administrator\AppData\Local\Temp\EWE831.tmp
#        (E:\project\led88_neui\led88\EWARM\led88\Obj\main.o
#        E:\project\led88_neui\led88\EWARM\led88\Obj\startup_stm32f405xx.o
#        E:\project\led88_neui\led88\EWARM\led88\Obj\stm32f4xx_hal.o
#        E:\project\led88_neui\led88\EWARM\led88\Obj\stm32f4xx_hal_cortex.o
#        E:\project\led88_neui\led88\EWARM\led88\Obj\stm32f4xx_hal_dma.o
#        E:\project\led88_neui\led88\EWARM\led88\Obj\stm32f4xx_hal_dma_ex.o
#        E:\project\led88_neui\led88\EWARM\led88\Obj\stm32f4xx_hal_exti.o
#        E:\project\led88_neui\led88\EWARM\led88\Obj\stm32f4xx_hal_flash.o
#        E:\project\led88_neui\led88\EWARM\led88\Obj\stm32f4xx_hal_flash_ex.o
#        E:\project\led88_neui\led88\EWARM\led88\Obj\stm32f4xx_hal_flash_ramfunc.o
#        E:\project\led88_neui\led88\EWARM\led88\Obj\stm32f4xx_hal_gpio.o
#        E:\project\led88_neui\led88\EWARM\led88\Obj\stm32f4xx_hal_msp.o
#        E:\project\led88_neui\led88\EWARM\led88\Obj\stm32f4xx_hal_pwr.o
#        E:\project\led88_neui\led88\EWARM\led88\Obj\stm32f4xx_hal_pwr_ex.o
#        E:\project\led88_neui\led88\EWARM\led88\Obj\stm32f4xx_hal_rcc.o
#        E:\project\led88_neui\led88\EWARM\led88\Obj\stm32f4xx_hal_rcc_ex.o
#        E:\project\led88_neui\led88\EWARM\led88\Obj\stm32f4xx_hal_tim.o
#        E:\project\led88_neui\led88\EWARM\led88\Obj\stm32f4xx_hal_tim_ex.o
#        E:\project\led88_neui\led88\EWARM\led88\Obj\stm32f4xx_it.o
#        E:\project\led88_neui\led88\EWARM\led88\Obj\system_stm32f4xx.o
#        --redirect _Printf=_PrintfFull --redirect _Scanf=_ScanfFull
#        --no_out_extension -o
#        E:\project\led88_neui\led88\EWARM\led88\Exe\led88.out --map
#        E:\project\led88_neui\led88\EWARM\led88\List\led88.map --config
#        E:\project\led88_neui\led88\EWARM/stm32f405xx_flash.icf --semihosting
#        --entry __iar_program_start --vfe --text_out locale)
#
###############################################################################

*******************************************************************************
*** RUNTIME MODEL ATTRIBUTES
***

CppFlavor       = *
__SystemLibrary = DLib
__dlib_version  = 6


*******************************************************************************
*** HEAP SELECTION
***

The basic heap was selected because no calls to memory allocation
functions were found in the application outside of system library
functions, and there are calls to deallocation functions in the
application.


*******************************************************************************
*** PLACEMENT SUMMARY
***

"A0":  place at 0x800'0000 { ro section .intvec };
"P1":  place in [from 0x800'0000 to 0x80f'ffff] { ro };
define block CSTACK with size = 1K, alignment = 8 { };
define block HEAP with size = 512, alignment = 8 { };
"P2":  place in [from 0x2000'0000 to 0x2001'ffff] {
          rw, block CSTACK, block HEAP };
initialize by copy { rw };

  Section            Kind         Address   Size  Object
  -------            ----         -------   ----  ------
"A0":                                      0x188
  .intvec            ro code   0x800'0000  0x188  startup_stm32f405xx.o [1]
                             - 0x800'0188  0x188

"P1":                                      0xfbe
  .text              ro code   0x800'0188  0x3a0  main.o [1]
  .text              ro code   0x800'0528   0x34  stm32f4xx_hal.o [1]
  .text              ro code   0x800'055c    0x6  ABImemclr4.o [4]
  .text              ro code   0x800'0564  0x2f8  stm32f4xx_hal_rcc.o [1]
  .text              ro code   0x800'085c  0x17c  stm32f4xx_hal_rcc.o [1]
  .text              ro code   0x800'09d8  0x1e4  stm32f4xx_hal_gpio.o [1]
  .text              ro code   0x800'0bbc   0x28  stm32f4xx_hal.o [1]
  .text              ro code   0x800'0be4   0xac  stm32f4xx_hal_cortex.o [1]
  .text              ro code   0x800'0c90   0x40  stm32f4xx_hal.o [1]
  .text              ro code   0x800'0cd0   0x38  stm32f4xx_hal_msp.o [1]
  .text              ro code   0x800'0d08   0x32  ABImemset48.o [4]
  .text              ro code   0x800'0d3c    0xc  stm32f4xx_hal.o [1]
  .text              ro code   0x800'0d48  0x106  I64DivMod_small.o [4]
  .text              ro code   0x800'0e50    0x2  I64DivZer.o [4]
  .text              ro code   0x800'0e54   0x60  system_stm32f4xx.o [1]
  .text              ro code   0x800'0eb4   0x38  packbits_init_single.o [4]
  .text              ro code   0x800'0eec   0x28  data_init.o [4]
  .text              ro code   0x800'0f14   0x22  fpinit_M.o [3]
  .iar.init_table    const     0x800'0f38   0x10  - Linker created -
  .text              ro code   0x800'0f48   0x1e  cmain.o [4]
  .text              ro code   0x800'0f66    0x4  low_level_init.o [2]
  .text              ro code   0x800'0f6a    0x4  exit.o [2]
  .text              ro code   0x800'0f70    0xa  cexit.o [4]
  .text              ro code   0x800'0f7c   0x14  exit.o [5]
  .text              ro code   0x800'0f90   0x14  stm32f4xx_it.o [1]
  .text              ro code   0x800'0fa4   0x10  stm32f4xx_hal.o [1]
  .text              ro code   0x800'0fb4   0x10  startup_stm32f405xx.o [1]
  .text              ro code   0x800'0fc4    0xc  cstartup_M.o [4]
  .text              ro code   0x800'0fd0    0x4  startup_stm32f405xx.o [1]
  .text              ro code   0x800'0fd4    0x4  startup_stm32f405xx.o [1]
  .text              ro code   0x800'0fd8    0x4  startup_stm32f405xx.o [1]
  .text              ro code   0x800'0fdc    0x4  startup_stm32f405xx.o [1]
  .text              ro code   0x800'0fe0    0x4  startup_stm32f405xx.o [1]
  .text              ro code   0x800'0fe4    0x4  startup_stm32f405xx.o [1]
  .text              ro code   0x800'0fe8    0x4  startup_stm32f405xx.o [1]
  .text              ro code   0x800'0fec    0x4  startup_stm32f405xx.o [1]
  .text              ro code   0x800'0ff0    0x4  startup_stm32f405xx.o [1]
  .text              ro code   0x800'0ff4    0x4  startup_stm32f405xx.o [1]
  .text              ro code   0x800'0ff8    0x4  startup_stm32f405xx.o [1]
  .text              ro code   0x800'0ffc    0x4  startup_stm32f405xx.o [1]
  .text              ro code   0x800'1000    0x4  startup_stm32f405xx.o [1]
  .text              ro code   0x800'1004    0x4  startup_stm32f405xx.o [1]
  .text              ro code   0x800'1008    0x4  startup_stm32f405xx.o [1]
  .text              ro code   0x800'100c    0x4  startup_stm32f405xx.o [1]
  .text              ro code   0x800'1010    0x4  startup_stm32f405xx.o [1]
  .text              ro code   0x800'1014    0x4  startup_stm32f405xx.o [1]
  .text              ro code   0x800'1018    0x4  startup_stm32f405xx.o [1]
  .text              ro code   0x800'101c    0x4  startup_stm32f405xx.o [1]
  .text              ro code   0x800'1020    0x4  startup_stm32f405xx.o [1]
  .text              ro code   0x800'1024    0x4  startup_stm32f405xx.o [1]
  .text              ro code   0x800'1028    0x4  startup_stm32f405xx.o [1]
  .text              ro code   0x800'102c    0x4  startup_stm32f405xx.o [1]
  .text              ro code   0x800'1030    0x4  startup_stm32f405xx.o [1]
  .text              ro code   0x800'1034    0x4  startup_stm32f405xx.o [1]
  .text              ro code   0x800'1038    0x4  startup_stm32f405xx.o [1]
  .text              ro code   0x800'103c    0x4  startup_stm32f405xx.o [1]
  .text              ro code   0x800'1040    0x4  startup_stm32f405xx.o [1]
  .text              ro code   0x800'1044    0x4  startup_stm32f405xx.o [1]
  .text              ro code   0x800'1048    0x4  startup_stm32f405xx.o [1]
  .text              ro code   0x800'104c    0x4  startup_stm32f405xx.o [1]
  .text              ro code   0x800'1050    0x4  startup_stm32f405xx.o [1]
  .text              ro code   0x800'1054    0x4  startup_stm32f405xx.o [1]
  .text              ro code   0x800'1058    0x4  startup_stm32f405xx.o [1]
  .text              ro code   0x800'105c    0x4  startup_stm32f405xx.o [1]
  .text              ro code   0x800'1060    0x4  startup_stm32f405xx.o [1]
  .text              ro code   0x800'1064    0x4  startup_stm32f405xx.o [1]
  .text              ro code   0x800'1068    0x4  startup_stm32f405xx.o [1]
  .text              ro code   0x800'106c    0x4  startup_stm32f405xx.o [1]
  .text              ro code   0x800'1070    0x4  startup_stm32f405xx.o [1]
  .text              ro code   0x800'1074    0x4  startup_stm32f405xx.o [1]
  .text              ro code   0x800'1078    0x4  startup_stm32f405xx.o [1]
  .text              ro code   0x800'107c    0x4  startup_stm32f405xx.o [1]
  .text              ro code   0x800'1080    0x4  startup_stm32f405xx.o [1]
  .text              ro code   0x800'1084    0x4  startup_stm32f405xx.o [1]
  .text              ro code   0x800'1088    0x4  startup_stm32f405xx.o [1]
  .text              ro code   0x800'108c    0x4  startup_stm32f405xx.o [1]
  .text              ro code   0x800'1090    0x4  startup_stm32f405xx.o [1]
  .text              ro code   0x800'1094    0x4  startup_stm32f405xx.o [1]
  .text              ro code   0x800'1098    0x4  startup_stm32f405xx.o [1]
  .text              ro code   0x800'109c    0x4  startup_stm32f405xx.o [1]
  .text              ro code   0x800'10a0    0x4  startup_stm32f405xx.o [1]
  .text              ro code   0x800'10a4    0x4  startup_stm32f405xx.o [1]
  .text              ro code   0x800'10a8    0x4  startup_stm32f405xx.o [1]
  .text              ro code   0x800'10ac    0x4  startup_stm32f405xx.o [1]
  .text              ro code   0x800'10b0    0x4  startup_stm32f405xx.o [1]
  .text              ro code   0x800'10b4    0x4  startup_stm32f405xx.o [1]
  .text              ro code   0x800'10b8    0x4  startup_stm32f405xx.o [1]
  .text              ro code   0x800'10bc    0x4  startup_stm32f405xx.o [1]
  .text              ro code   0x800'10c0    0x4  startup_stm32f405xx.o [1]
  .text              ro code   0x800'10c4    0x4  startup_stm32f405xx.o [1]
  .text              ro code   0x800'10c8    0x4  startup_stm32f405xx.o [1]
  .text              ro code   0x800'10cc    0x4  startup_stm32f405xx.o [1]
  .text              ro code   0x800'10d0    0x4  startup_stm32f405xx.o [1]
  .text              ro code   0x800'10d4    0x4  startup_stm32f405xx.o [1]
  .text              ro code   0x800'10d8    0x4  startup_stm32f405xx.o [1]
  .text              ro code   0x800'10dc    0x4  startup_stm32f405xx.o [1]
  .text              ro code   0x800'10e0    0x4  startup_stm32f405xx.o [1]
  .text              ro code   0x800'10e4    0x4  startup_stm32f405xx.o [1]
  .text              ro code   0x800'10e8    0x4  startup_stm32f405xx.o [1]
  .text              ro code   0x800'10ec    0x4  startup_stm32f405xx.o [1]
  .text              ro code   0x800'10f0    0x4  startup_stm32f405xx.o [1]
  .text              ro code   0x800'10f4    0x4  startup_stm32f405xx.o [1]
  .text              ro code   0x800'10f8    0x4  startup_stm32f405xx.o [1]
  .text              ro code   0x800'10fc    0x4  startup_stm32f405xx.o [1]
  .text              ro code   0x800'1100    0x4  startup_stm32f405xx.o [1]
  .text              ro code   0x800'1104    0x4  startup_stm32f405xx.o [1]
  .rodata            const     0x800'1108    0x0  packbits_init_single.o [4]
  Initializer bytes  const     0x800'1108   0x3e  <for P2-1>
                             - 0x800'1146  0xfbe

"P2", part 1 of 2:                          0x4c
  P2-1                        0x2000'0000   0x4c  <Init block>
    .data            inited   0x2000'0000    0xb  main.o [1]
    .data            inited   0x2000'000c   0x30  main.o [1]
    .data            inited   0x2000'003c    0xc  stm32f4xx_hal.o [1]
    .data            inited   0x2000'0048    0x4  system_stm32f4xx.o [1]
                            - 0x2000'004c   0x4c

"P2", part 2 of 2:                         0x400
  CSTACK                      0x2000'0050  0x400  <Block>
    CSTACK           uninit   0x2000'0050  0x400  <Block tail>
                            - 0x2000'0450  0x400

Unused ranges:

         From           To      Size
         ----           --      ----
   0x800'1146   0x80f'ffff  0xf'eeba
  0x2000'004c  0x2000'004f       0x4
  0x2000'0450  0x2001'ffff  0x1'fbb0


*******************************************************************************
*** INIT TABLE
***

          Address      Size
          -------      ----
Copy/packbits (__iar_packbits_init_single3)
    1 source range, total size 0x3e (81% of destination):
           0x800'1108  0x3e
    1 destination range, total size 0x4c:
          0x2000'0000  0x4c



*******************************************************************************
*** MODULE SUMMARY
***

    Module                  ro code  ro data  rw data
    ------                  -------  -------  -------
command line/config:
    -------------------------------------------------
    Total:

E:\project\led88_neui\led88\EWARM\led88\Obj: [1]
    main.o                      928       48       59
    startup_stm32f405xx.o       720
    stm32f4xx_hal.o             184       10       12
    stm32f4xx_hal_cortex.o      172
    stm32f4xx_hal_gpio.o        484
    stm32f4xx_hal_msp.o          56
    stm32f4xx_hal_rcc.o       1 140
    stm32f4xx_it.o               20
    system_stm32f4xx.o           96        4        4
    -------------------------------------------------
    Total:                    3 800       62       75

dl7M_tln.a: [2]
    exit.o                        4
    low_level_init.o              4
    -------------------------------------------------
    Total:                        8

m7M_tls.a: [3]
    fpinit_M.o                   34
    -------------------------------------------------
    Total:                       34

rt7M_tl.a: [4]
    ABImemclr4.o                  6
    ABImemset48.o                50
    I64DivMod_small.o           262
    I64DivZer.o                   2
    cexit.o                      10
    cmain.o                      30
    cstartup_M.o                 12
    data_init.o                  40
    packbits_init_single.o       56
    -------------------------------------------------
    Total:                      468

shb_l.a: [5]
    exit.o                       20
    -------------------------------------------------
    Total:                       20

    Gaps                         12        2        1
    Linker created                        16    1 024
-----------------------------------------------------
    Grand Total:              4 342       80    1 100


*******************************************************************************
*** ENTRY LIST
***

Entry                       Address   Size  Type      Object
-----                       -------   ----  ----      ------
.iar.init_table$$Base    0x800'0f38          --   Gb  - Linker created -
.iar.init_table$$Limit   0x800'0f48          --   Gb  - Linker created -
?main                    0x800'0f49         Code  Gb  cmain.o [4]
AHBPrescTable            0x800'0ea4   0x10  Data  Gb  system_stm32f4xx.o [1]
BusFault_Handler         0x800'0f97    0x2  Code  Gb  stm32f4xx_it.o [1]
CSTACK$$Base            0x2000'0050          --   Gb  - Linker created -
CSTACK$$Limit           0x2000'0450          --   Gb  - Linker created -
DebugMon_Handler         0x800'0f9d    0x2  Code  Gb  stm32f4xx_it.o [1]
HAL_Delay                0x800'0bbd   0x28  Code  Wk  stm32f4xx_hal.o [1]
HAL_GPIO_Init            0x800'09d9  0x1a4  Code  Gb  stm32f4xx_hal_gpio.o [1]
HAL_GPIO_ReadPin         0x800'0b7d    0xc  Code  Gb  stm32f4xx_hal_gpio.o [1]
HAL_GPIO_WritePin        0x800'0b89    0x8  Code  Gb  stm32f4xx_hal_gpio.o [1]
HAL_GetTick              0x800'0d3d    0xc  Code  Wk  stm32f4xx_hal.o [1]
HAL_IncTick              0x800'0fa5   0x10  Code  Wk  stm32f4xx_hal.o [1]
HAL_Init                 0x800'0529   0x30  Code  Gb  stm32f4xx_hal.o [1]
HAL_InitTick             0x800'0c91   0x40  Code  Wk  stm32f4xx_hal.o [1]
HAL_MspInit              0x800'0cd1   0x38  Code  Gb  stm32f4xx_hal_msp.o [1]
HAL_NVIC_SetPriority     0x800'0c19   0x3a  Code  Gb  stm32f4xx_hal_cortex.o [1]
HAL_NVIC_SetPriorityGrouping
                         0x800'0bff   0x1a  Code  Gb  stm32f4xx_hal_cortex.o [1]
HAL_RCC_ClockConfig      0x800'085d   0xfe  Code  Gb  stm32f4xx_hal_rcc.o [1]
HAL_RCC_OscConfig        0x800'0565  0x2f8  Code  Wk  stm32f4xx_hal_rcc.o [1]
HAL_SYSTICK_Config       0x800'0c53   0x28  Code  Gb  stm32f4xx_hal_cortex.o [1]
HardFault_Handler        0x800'0f93    0x2  Code  Gb  stm32f4xx_it.o [1]
MX_GPIO_Init             0x800'0257   0xb0  Code  Lc  main.o [1]
MemManage_Handler        0x800'0f95    0x2  Code  Gb  stm32f4xx_it.o [1]
NMI_Handler              0x800'0f91    0x2  Code  Gb  stm32f4xx_it.o [1]
PendSV_Handler           0x800'0f9f    0x2  Code  Gb  stm32f4xx_it.o [1]
Region$$Table$$Base      0x800'0f38          --   Gb  - Linker created -
Region$$Table$$Limit     0x800'0f48          --   Gb  - Linker created -
SVC_Handler              0x800'0f9b    0x2  Code  Gb  stm32f4xx_it.o [1]
SetYOutPut               0x800'047d   0x8a  Code  Gb  main.o [1]
SwCheck                  0x800'0317  0x116  Code  Gb  main.o [1]
SysTick_Handler          0x800'0fa1    0x4  Code  Gb  stm32f4xx_it.o [1]
SystemClock_Config       0x800'01e5   0x72  Code  Gb  main.o [1]
SystemCoreClock         0x2000'0048    0x4  Data  Gb  system_stm32f4xx.o [1]
SystemInit               0x800'0e55   0x3a  Code  Gb  system_stm32f4xx.o [1]
UsageFault_Handler       0x800'0f99    0x2  Code  Gb  stm32f4xx_it.o [1]
__NVIC_SetPriority       0x800'0be5   0x1a  Code  Lc  stm32f4xx_hal_cortex.o [1]
__aeabi_ldiv0            0x800'0e51         Code  Gb  I64DivZer.o [4]
__aeabi_memclr4          0x800'055d         Code  Gb  ABImemclr4.o [4]
__cmain                  0x800'0f49         Code  Gb  cmain.o [4]
__exit                   0x800'0f7d   0x14  Code  Gb  exit.o [5]
__iar_Memset4_word       0x800'0d09         Code  Gb  ABImemset48.o [4]
__iar_Memset8_word       0x800'0d09         Code  Gb  ABImemset48.o [4]
__iar_data_init3         0x800'0eed   0x28  Code  Gb  data_init.o [4]
__iar_init_vfp           0x800'0f15         Code  Gb  fpinit_M.o [3]
__iar_packbits_init_single3
                         0x800'0eb5   0x38  Code  Gb  packbits_init_single.o [4]
__iar_program_start      0x800'0fc5         Code  Gb  cstartup_M.o [4]
__iar_small_uldivmod     0x800'0d49         Code  Gb  I64DivMod_small.o [4]
__low_level_init         0x800'0f67    0x4  Code  Gb  low_level_init.o [2]
__vector_table           0x800'0000         Data  Gb  startup_stm32f405xx.o [1]
_call_main               0x800'0f55         Code  Gb  cmain.o [4]
_exit                    0x800'0f71         Code  Gb  cexit.o [4]
_main                    0x800'0f63         Code  Gb  cmain.o [4]
exit                     0x800'0f6b    0x4  Code  Gb  exit.o [2]
j                       0x2000'0008    0x1  Data  Gb  main.o [1]
l                       0x2000'0009    0x1  Data  Gb  main.o [1]
led_code                0x2000'000c   0x30  Data  Gb  main.o [1]
led_r                   0x2000'0000    0x8  Data  Gb  main.o [1]
m                       0x2000'000a    0x1  Data  Gb  main.o [1]
main                     0x800'0189   0x5c  Code  Gb  main.o [1]
uwTick                  0x2000'0040    0x4  Data  Gb  stm32f4xx_hal.o [1]
uwTickFreq              0x2000'003c    0x1  Data  Gb  stm32f4xx_hal.o [1]
uwTickPrio              0x2000'0044    0x4  Data  Gb  stm32f4xx_hal.o [1]


[1] = E:\project\led88_neui\led88\EWARM\led88\Obj
[2] = dl7M_tln.a
[3] = m7M_tls.a
[4] = rt7M_tl.a
[5] = shb_l.a

  4 342 bytes of readonly  code memory
     80 bytes of readonly  data memory
  1 100 bytes of readwrite data memory

Errors: none
Warnings: none
