<html>
<body>
<pre>
<h1>µVision Build Log</h1>
<h2>Tool Versions:</h2>
IDE-Version: ¦ÌVision V5.24.2.0
Copyright (C) 2017 ARM Ltd and ARM Germany GmbH. All rights reserved.
License Information: a Microsoft, Microsoft, LIC=EPPLQ-N71XM-174RR-KJ8JZ-EIBFL-H65CA
 
Tool Versions:
Toolchain:       MDK-ARM Professional  Version: 5.24.1
Toolchain Path:  D:\Keil_v5\ARM\ARMCC\Bin
C Compiler:      Armcc.exe V5.06 update 5 (build 528)
Assembler:       Armasm.exe V5.06 update 5 (build 528)
Linker/Locator:  ArmLink.exe V5.06 update 5 (build 528)
Library Manager: ArmAr.exe V5.06 update 5 (build 528)
Hex Converter:   FromElf.exe V5.06 update 5 (build 528)
CPU DLL:         SARMCM3.DLL V5.24.1
Dialog DLL:      DCM.DLL V1.16.0.0
Target DLL:      Segger\JL2CM3.dll V2.99.26.0
Dialog DLL:      TCM.DLL V1.32.0.0
 
<h2>Project:</h2>
E:\project\rgb_light\rgb_light\MDK-ARM\rgb_light.uvprojx
Project File Date:  03/12/2019

<h2>Output:</h2>
*** Using Compiler 'V5.06 update 5 (build 528)', folder: 'D:\Keil_v5\ARM\ARMCC\Bin'
Build target 'rgb_light'
compiling main.c...
../Src/main.c(108): warning:  #550-D: variable "tmpsmcr"  was set but never used
  uint32_t tmp,tmpsmcr;
../Src/main.c(345): warning:  #177-D: variable "sClockSourceConfig"  was declared but never referenced
  	TIM_ClockConfigTypeDef sClockSourceConfig = {0};
../Src/main.c(346): warning:  #177-D: variable "sMasterConfig"  was declared but never referenced
  	TIM_MasterConfigTypeDef sMasterConfig = {0};
../Src/main.c(525): warning:  #177-D: variable "sClockSourceConfig"  was declared but never referenced
  	TIM_ClockConfigTypeDef sClockSourceConfig = {0};
../Src/main.c(526): warning:  #177-D: variable "sMasterConfig"  was declared but never referenced
  	TIM_MasterConfigTypeDef sMasterConfig = {0};
../Src/main.c(708): warning:  #177-D: variable "sClockSourceConfig"  was declared but never referenced
  		TIM_ClockConfigTypeDef sClockSourceConfig = {0};
../Src/main.c(709): warning:  #177-D: variable "sMasterConfig"  was declared but never referenced
  	TIM_MasterConfigTypeDef sMasterConfig = {0};
../Src/main.c(312): warning:  #177-D: function "MX_GPIO_Init"  was declared but never referenced
  static void MX_GPIO_Init(void)
../Src/main.c(263): warning:  #177-D: function "MX_TIM4_Init"  was declared but never referenced
  static void MX_TIM4_Init(void)
../Src/main.c: 9 warnings, 0 errors
linking...
Program Size: Code=4716 RO-data=440 RW-data=16 ZI-data=1152  
FromELF: creating hex file...
"rgb_light\rgb_light.axf" - 0 Error(s), 9 Warning(s).

<h2>Software Packages used:</h2>

Package Vendor: ARM
                http://www.keil.com/pack/ARM.CMSIS.5.0.1.pack
                ARM.CMSIS.5.0.1
                CMSIS (Cortex Microcontroller Software Interface Standard)
   * Component: CORE Version: 5.0.1

Package Vendor: Keil
                http://www.keil.com/pack/Keil.STM32F4xx_DFP.2.13.0.pack
                Keil.STM32F4xx_DFP.2.13.0
                STMicroelectronics STM32F4 Series Device Support, Drivers and Examples

<h2>Collection of Component include folders:</h2>
  .\RTE\_rgb_light
  D:\Keil_v5\ARM\PACK\ARM\CMSIS\5.0.1\CMSIS\Include
  D:\Keil_v5\ARM\PACK\Keil\STM32F4xx_DFP\2.13.0\Drivers\CMSIS\Device\ST\STM32F4xx\Include

<h2>Collection of Component Files used:</h2>

   * Component: ARM::CMSIS:CORE:5.0.1
Build Time Elapsed:  00:00:02
</pre>
</body>
</html>
