###############################################################################
#
# IAR ELF Linker V8.32.1.169/W32 for ARM                  04/Apr/2019  10:49:09
# Copyright 2007-2018 IAR Systems AB.
#
#    Output file  =  E:\project\led88_point\EWARM\led88\Exe\led88.out
#    Map file     =  E:\project\led88_point\EWARM\led88\List\led88.map
#    Command line =  
#        -f C:\Users\Administrator\AppData\Local\Temp\EW9375.tmp
#        (E:\project\led88_point\EWARM\led88\Obj\main.o
#        E:\project\led88_point\EWARM\led88\Obj\startup_stm32f405xx.o
#        E:\project\led88_point\EWARM\led88\Obj\stm32f4xx_hal.o
#        E:\project\led88_point\EWARM\led88\Obj\stm32f4xx_hal_cortex.o
#        E:\project\led88_point\EWARM\led88\Obj\stm32f4xx_hal_dma.o
#        E:\project\led88_point\EWARM\led88\Obj\stm32f4xx_hal_dma_ex.o
#        E:\project\led88_point\EWARM\led88\Obj\stm32f4xx_hal_exti.o
#        E:\project\led88_point\EWARM\led88\Obj\stm32f4xx_hal_flash.o
#        E:\project\led88_point\EWARM\led88\Obj\stm32f4xx_hal_flash_ex.o
#        E:\project\led88_point\EWARM\led88\Obj\stm32f4xx_hal_flash_ramfunc.o
#        E:\project\led88_point\EWARM\led88\Obj\stm32f4xx_hal_gpio.o
#        E:\project\led88_point\EWARM\led88\Obj\stm32f4xx_hal_msp.o
#        E:\project\led88_point\EWARM\led88\Obj\stm32f4xx_hal_pwr.o
#        E:\project\led88_point\EWARM\led88\Obj\stm32f4xx_hal_pwr_ex.o
#        E:\project\led88_point\EWARM\led88\Obj\stm32f4xx_hal_rcc.o
#        E:\project\led88_point\EWARM\led88\Obj\stm32f4xx_hal_rcc_ex.o
#        E:\project\led88_point\EWARM\led88\Obj\stm32f4xx_hal_tim.o
#        E:\project\led88_point\EWARM\led88\Obj\stm32f4xx_hal_tim_ex.o
#        E:\project\led88_point\EWARM\led88\Obj\stm32f4xx_it.o
#        E:\project\led88_point\EWARM\led88\Obj\system_stm32f4xx.o --redirect
#        _Printf=_PrintfFull --redirect _Scanf=_ScanfFull --no_out_extension -o
#        E:\project\led88_point\EWARM\led88\Exe\led88.out --map
#        E:\project\led88_point\EWARM\led88\List\led88.map --config
#        E:\project\led88_point\EWARM/stm32f405xx_flash.icf --semihosting
#        --entry __iar_program_start --vfe --text_out locale)
#
###############################################################################

*******************************************************************************
*** RUNTIME MODEL ATTRIBUTES
***

CppFlavor       = *
__SystemLibrary = DLib
__dlib_version  = 6


*******************************************************************************
*** HEAP SELECTION
***

The basic heap was selected because no calls to memory allocation
functions were found in the application outside of system library
functions, and there are calls to deallocation functions in the
application.


*******************************************************************************
*** PLACEMENT SUMMARY
***

"A0":  place at 0x800'0000 { ro section .intvec };
"P1":  place in [from 0x800'0000 to 0x80f'ffff] { ro };
define block CSTACK with size = 1K, alignment = 8 { };
define block HEAP with size = 512, alignment = 8 { };
"P2":  place in [from 0x2000'0000 to 0x2001'ffff] {
          rw, block CSTACK, block HEAP };
initialize by copy { rw };

  Section            Kind         Address   Size  Object
  -------            ----         -------   ----  ------
"A0":                                      0x188
  .intvec            ro code   0x800'0000  0x188  startup_stm32f405xx.o [1]
                             - 0x800'0188  0x188

"P1":                                      0xca8
  .text              ro code   0x800'0188  0x2f8  stm32f4xx_hal_rcc.o [1]
  .text              ro code   0x800'0480    0xc  stm32f4xx_hal.o [1]
  .text              ro code   0x800'048c  0x290  main.o [1]
  .text              ro code   0x800'071c   0x34  stm32f4xx_hal.o [1]
  .text              ro code   0x800'0750    0x8  stm32f4xx_hal_gpio.o [1]
  .text              ro code   0x800'0758   0x28  stm32f4xx_hal.o [1]
  .text              ro code   0x800'0780    0x6  ABImemclr4.o [4]
  .text              ro code   0x800'0788  0x17c  stm32f4xx_hal_rcc.o [1]
  .text              ro code   0x800'0904   0xac  stm32f4xx_hal_cortex.o [1]
  .text              ro code   0x800'09b0   0x40  stm32f4xx_hal.o [1]
  .text              ro code   0x800'09f0   0x38  stm32f4xx_hal_msp.o [1]
  .text              ro code   0x800'0a28   0x32  ABImemset48.o [4]
  .text              ro code   0x800'0a5c  0x106  I64DivMod_small.o [4]
  .text              ro code   0x800'0b64    0x2  I64DivZer.o [4]
  .text              ro code   0x800'0b68   0x60  system_stm32f4xx.o [1]
  .text              ro code   0x800'0bc8   0x2c  copy_init3.o [4]
  .text              ro code   0x800'0bf4   0x28  data_init.o [4]
  .text              ro code   0x800'0c1c   0x22  fpinit_M.o [3]
  .iar.init_table    const     0x800'0c40   0x14  - Linker created -
  .text              ro code   0x800'0c54   0x1e  cmain.o [4]
  .text              ro code   0x800'0c72    0x4  low_level_init.o [2]
  .text              ro code   0x800'0c76    0x4  exit.o [2]
  .text              ro code   0x800'0c7c    0xa  cexit.o [4]
  .text              ro code   0x800'0c88   0x14  exit.o [5]
  Initializer bytes  const     0x800'0c9c   0x1c  <for P2-1>
  .text              ro code   0x800'0cb8   0x14  stm32f4xx_it.o [1]
  .text              ro code   0x800'0ccc   0x10  stm32f4xx_hal.o [1]
  .text              ro code   0x800'0cdc   0x10  startup_stm32f405xx.o [1]
  .text              ro code   0x800'0cec    0xc  cstartup_M.o [4]
  .text              ro code   0x800'0cf8    0x4  startup_stm32f405xx.o [1]
  .text              ro code   0x800'0cfc    0x4  startup_stm32f405xx.o [1]
  .text              ro code   0x800'0d00    0x4  startup_stm32f405xx.o [1]
  .text              ro code   0x800'0d04    0x4  startup_stm32f405xx.o [1]
  .text              ro code   0x800'0d08    0x4  startup_stm32f405xx.o [1]
  .text              ro code   0x800'0d0c    0x4  startup_stm32f405xx.o [1]
  .text              ro code   0x800'0d10    0x4  startup_stm32f405xx.o [1]
  .text              ro code   0x800'0d14    0x4  startup_stm32f405xx.o [1]
  .text              ro code   0x800'0d18    0x4  startup_stm32f405xx.o [1]
  .text              ro code   0x800'0d1c    0x4  startup_stm32f405xx.o [1]
  .text              ro code   0x800'0d20    0x4  startup_stm32f405xx.o [1]
  .text              ro code   0x800'0d24    0x4  startup_stm32f405xx.o [1]
  .text              ro code   0x800'0d28    0x4  startup_stm32f405xx.o [1]
  .text              ro code   0x800'0d2c    0x4  startup_stm32f405xx.o [1]
  .text              ro code   0x800'0d30    0x4  startup_stm32f405xx.o [1]
  .text              ro code   0x800'0d34    0x4  startup_stm32f405xx.o [1]
  .text              ro code   0x800'0d38    0x4  startup_stm32f405xx.o [1]
  .text              ro code   0x800'0d3c    0x4  startup_stm32f405xx.o [1]
  .text              ro code   0x800'0d40    0x4  startup_stm32f405xx.o [1]
  .text              ro code   0x800'0d44    0x4  startup_stm32f405xx.o [1]
  .text              ro code   0x800'0d48    0x4  startup_stm32f405xx.o [1]
  .text              ro code   0x800'0d4c    0x4  startup_stm32f405xx.o [1]
  .text              ro code   0x800'0d50    0x4  startup_stm32f405xx.o [1]
  .text              ro code   0x800'0d54    0x4  startup_stm32f405xx.o [1]
  .text              ro code   0x800'0d58    0x4  startup_stm32f405xx.o [1]
  .text              ro code   0x800'0d5c    0x4  startup_stm32f405xx.o [1]
  .text              ro code   0x800'0d60    0x4  startup_stm32f405xx.o [1]
  .text              ro code   0x800'0d64    0x4  startup_stm32f405xx.o [1]
  .text              ro code   0x800'0d68    0x4  startup_stm32f405xx.o [1]
  .text              ro code   0x800'0d6c    0x4  startup_stm32f405xx.o [1]
  .text              ro code   0x800'0d70    0x4  startup_stm32f405xx.o [1]
  .text              ro code   0x800'0d74    0x4  startup_stm32f405xx.o [1]
  .text              ro code   0x800'0d78    0x4  startup_stm32f405xx.o [1]
  .text              ro code   0x800'0d7c    0x4  startup_stm32f405xx.o [1]
  .text              ro code   0x800'0d80    0x4  startup_stm32f405xx.o [1]
  .text              ro code   0x800'0d84    0x4  startup_stm32f405xx.o [1]
  .text              ro code   0x800'0d88    0x4  startup_stm32f405xx.o [1]
  .text              ro code   0x800'0d8c    0x4  startup_stm32f405xx.o [1]
  .text              ro code   0x800'0d90    0x4  startup_stm32f405xx.o [1]
  .text              ro code   0x800'0d94    0x4  startup_stm32f405xx.o [1]
  .text              ro code   0x800'0d98    0x4  startup_stm32f405xx.o [1]
  .text              ro code   0x800'0d9c    0x4  startup_stm32f405xx.o [1]
  .text              ro code   0x800'0da0    0x4  startup_stm32f405xx.o [1]
  .text              ro code   0x800'0da4    0x4  startup_stm32f405xx.o [1]
  .text              ro code   0x800'0da8    0x4  startup_stm32f405xx.o [1]
  .text              ro code   0x800'0dac    0x4  startup_stm32f405xx.o [1]
  .text              ro code   0x800'0db0    0x4  startup_stm32f405xx.o [1]
  .text              ro code   0x800'0db4    0x4  startup_stm32f405xx.o [1]
  .text              ro code   0x800'0db8    0x4  startup_stm32f405xx.o [1]
  .text              ro code   0x800'0dbc    0x4  startup_stm32f405xx.o [1]
  .text              ro code   0x800'0dc0    0x4  startup_stm32f405xx.o [1]
  .text              ro code   0x800'0dc4    0x4  startup_stm32f405xx.o [1]
  .text              ro code   0x800'0dc8    0x4  startup_stm32f405xx.o [1]
  .text              ro code   0x800'0dcc    0x4  startup_stm32f405xx.o [1]
  .text              ro code   0x800'0dd0    0x4  startup_stm32f405xx.o [1]
  .text              ro code   0x800'0dd4    0x4  startup_stm32f405xx.o [1]
  .text              ro code   0x800'0dd8    0x4  startup_stm32f405xx.o [1]
  .text              ro code   0x800'0ddc    0x4  startup_stm32f405xx.o [1]
  .text              ro code   0x800'0de0    0x4  startup_stm32f405xx.o [1]
  .text              ro code   0x800'0de4    0x4  startup_stm32f405xx.o [1]
  .text              ro code   0x800'0de8    0x4  startup_stm32f405xx.o [1]
  .text              ro code   0x800'0dec    0x4  startup_stm32f405xx.o [1]
  .text              ro code   0x800'0df0    0x4  startup_stm32f405xx.o [1]
  .text              ro code   0x800'0df4    0x4  startup_stm32f405xx.o [1]
  .text              ro code   0x800'0df8    0x4  startup_stm32f405xx.o [1]
  .text              ro code   0x800'0dfc    0x4  startup_stm32f405xx.o [1]
  .text              ro code   0x800'0e00    0x4  startup_stm32f405xx.o [1]
  .text              ro code   0x800'0e04    0x4  startup_stm32f405xx.o [1]
  .text              ro code   0x800'0e08    0x4  startup_stm32f405xx.o [1]
  .text              ro code   0x800'0e0c    0x4  startup_stm32f405xx.o [1]
  .text              ro code   0x800'0e10    0x4  startup_stm32f405xx.o [1]
  .text              ro code   0x800'0e14    0x4  startup_stm32f405xx.o [1]
  .text              ro code   0x800'0e18    0x4  startup_stm32f405xx.o [1]
  .text              ro code   0x800'0e1c    0x4  startup_stm32f405xx.o [1]
  .text              ro code   0x800'0e20    0x4  startup_stm32f405xx.o [1]
  .text              ro code   0x800'0e24    0x4  startup_stm32f405xx.o [1]
  .text              ro code   0x800'0e28    0x4  startup_stm32f405xx.o [1]
  .text              ro code   0x800'0e2c    0x4  startup_stm32f405xx.o [1]
  .rodata            const     0x800'0e30    0x0  copy_init3.o [4]
                             - 0x800'0e30  0xca8

"P2", part 1 of 2:                          0x1c
  P2-1                        0x2000'0000   0x1c  <Init block>
    .data            inited   0x2000'0000    0xa  main.o [1]
    .data            inited   0x2000'000c    0xc  stm32f4xx_hal.o [1]
    .data            inited   0x2000'0018    0x4  system_stm32f4xx.o [1]
                            - 0x2000'001c   0x1c

"P2", part 2 of 2:                         0x400
  CSTACK                      0x2000'0020  0x400  <Block>
    CSTACK           uninit   0x2000'0020  0x400  <Block tail>
                            - 0x2000'0420  0x400

Unused ranges:

         From           To      Size
         ----           --      ----
   0x800'0e30   0x80f'ffff  0xf'f1d0
  0x2000'001c  0x2000'001f       0x4
  0x2000'0420  0x2001'ffff  0x1'fbe0


*******************************************************************************
*** INIT TABLE
***

          Address      Size
          -------      ----
Copy (__iar_copy_init3)
    1 source range, total size 0x1c:
           0x800'0c9c  0x1c
    1 destination range, total size 0x1c:
          0x2000'0000  0x1c



*******************************************************************************
*** MODULE SUMMARY
***

    Module                  ro code  ro data  rw data
    ------                  -------  -------  -------
command line/config:
    -------------------------------------------------
    Total:

E:\project\led88_point\EWARM\led88\Obj: [1]
    main.o                      656       10       10
    startup_stm32f405xx.o       720
    stm32f4xx_hal.o             184       14       12
    stm32f4xx_hal_cortex.o      172
    stm32f4xx_hal_gpio.o          8
    stm32f4xx_hal_msp.o          56
    stm32f4xx_hal_rcc.o       1 140
    stm32f4xx_it.o               20
    system_stm32f4xx.o           96        4        4
    -------------------------------------------------
    Total:                    3 052       28       26

dl7M_tln.a: [2]
    exit.o                        4
    low_level_init.o              4
    -------------------------------------------------
    Total:                        8

m7M_tls.a: [3]
    fpinit_M.o                   34
    -------------------------------------------------
    Total:                       34

rt7M_tl.a: [4]
    ABImemclr4.o                  6
    ABImemset48.o                50
    I64DivMod_small.o           262
    I64DivZer.o                   2
    cexit.o                      10
    cmain.o                      30
    copy_init3.o                 44
    cstartup_M.o                 12
    data_init.o                  40
    -------------------------------------------------
    Total:                      456

shb_l.a: [5]
    exit.o                       20
    -------------------------------------------------
    Total:                       20

    Gaps                         12        2        2
    Linker created                        20    1 024
-----------------------------------------------------
    Grand Total:              3 582       50    1 052


*******************************************************************************
*** ENTRY LIST
***

Entry                       Address   Size  Type      Object
-----                       -------   ----  ----      ------
.iar.init_table$$Base    0x800'0c40          --   Gb  - Linker created -
.iar.init_table$$Limit   0x800'0c54          --   Gb  - Linker created -
?main                    0x800'0c55         Code  Gb  cmain.o [4]
AHBPrescTable            0x800'0bb8   0x10  Data  Gb  system_stm32f4xx.o [1]
BusFault_Handler         0x800'0cbf    0x2  Code  Gb  stm32f4xx_it.o [1]
CSTACK$$Base            0x2000'0020          --   Gb  - Linker created -
CSTACK$$Limit           0x2000'0420          --   Gb  - Linker created -
DebugMon_Handler         0x800'0cc5    0x2  Code  Gb  stm32f4xx_it.o [1]
HAL_Delay                0x800'0759   0x28  Code  Wk  stm32f4xx_hal.o [1]
HAL_GPIO_WritePin        0x800'0751    0x8  Code  Gb  stm32f4xx_hal_gpio.o [1]
HAL_GetTick              0x800'0481    0xc  Code  Wk  stm32f4xx_hal.o [1]
HAL_IncTick              0x800'0ccd   0x10  Code  Wk  stm32f4xx_hal.o [1]
HAL_Init                 0x800'071d   0x30  Code  Gb  stm32f4xx_hal.o [1]
HAL_InitTick             0x800'09b1   0x40  Code  Wk  stm32f4xx_hal.o [1]
HAL_MspInit              0x800'09f1   0x38  Code  Gb  stm32f4xx_hal_msp.o [1]
HAL_NVIC_SetPriority     0x800'0939   0x3a  Code  Gb  stm32f4xx_hal_cortex.o [1]
HAL_NVIC_SetPriorityGrouping
                         0x800'091f   0x1a  Code  Gb  stm32f4xx_hal_cortex.o [1]
HAL_RCC_ClockConfig      0x800'0789   0xfe  Code  Gb  stm32f4xx_hal_rcc.o [1]
HAL_RCC_OscConfig        0x800'0189  0x2f8  Code  Wk  stm32f4xx_hal_rcc.o [1]
HAL_SYSTICK_Config       0x800'0973   0x28  Code  Gb  stm32f4xx_hal_cortex.o [1]
HardFault_Handler        0x800'0cbb    0x2  Code  Gb  stm32f4xx_it.o [1]
MemManage_Handler        0x800'0cbd    0x2  Code  Gb  stm32f4xx_it.o [1]
NMI_Handler              0x800'0cb9    0x2  Code  Gb  stm32f4xx_it.o [1]
PendSV_Handler           0x800'0cc7    0x2  Code  Gb  stm32f4xx_it.o [1]
Region$$Table$$Base      0x800'0c40          --   Gb  - Linker created -
Region$$Table$$Limit     0x800'0c54          --   Gb  - Linker created -
SVC_Handler              0x800'0cc3    0x2  Code  Gb  stm32f4xx_it.o [1]
SetGpioa                 0x800'06b9    0x6  Code  Gb  main.o [1]
SetGpiob                 0x800'06bf    0x4  Code  Gb  main.o [1]
SetGpioc                 0x800'06f3    0x6  Code  Gb  main.o [1]
SetYOutPut               0x800'0635   0x84  Code  Gb  main.o [1]
SysTick_Handler          0x800'0cc9    0x4  Code  Gb  stm32f4xx_it.o [1]
SystemClock_Config       0x800'05b1   0x72  Code  Gb  main.o [1]
SystemCoreClock         0x2000'0018    0x4  Data  Gb  system_stm32f4xx.o [1]
SystemInit               0x800'0b69   0x3a  Code  Gb  system_stm32f4xx.o [1]
UsageFault_Handler       0x800'0cc1    0x2  Code  Gb  stm32f4xx_it.o [1]
__NVIC_SetPriority       0x800'0905   0x1a  Code  Lc  stm32f4xx_hal_cortex.o [1]
__aeabi_ldiv0            0x800'0b65         Code  Gb  I64DivZer.o [4]
__aeabi_memclr4          0x800'0781         Code  Gb  ABImemclr4.o [4]
__cmain                  0x800'0c55         Code  Gb  cmain.o [4]
__exit                   0x800'0c89   0x14  Code  Gb  exit.o [5]
__iar_Memset4_word       0x800'0a29         Code  Gb  ABImemset48.o [4]
__iar_Memset8_word       0x800'0a29         Code  Gb  ABImemset48.o [4]
__iar_copy_init3         0x800'0bc9   0x2c  Code  Gb  copy_init3.o [4]
__iar_data_init3         0x800'0bf5   0x28  Code  Gb  data_init.o [4]
__iar_init_vfp           0x800'0c1d         Code  Gb  fpinit_M.o [3]
__iar_program_start      0x800'0ced         Code  Gb  cstartup_M.o [4]
__iar_small_uldivmod     0x800'0a5d         Code  Gb  I64DivMod_small.o [4]
__low_level_init         0x800'0c73    0x4  Code  Gb  low_level_init.o [2]
__vector_table           0x800'0000         Data  Gb  startup_stm32f405xx.o [1]
_call_main               0x800'0c61         Code  Gb  cmain.o [4]
_exit                    0x800'0c7d         Code  Gb  cexit.o [4]
_main                    0x800'0c6f         Code  Gb  cmain.o [4]
exit                     0x800'0c77    0x4  Code  Gb  exit.o [2]
j                       0x2000'0008    0x1  Data  Gb  main.o [1]
l                       0x2000'0009    0x1  Data  Gb  main.o [1]
led_r                   0x2000'0000    0x8  Data  Gb  main.o [1]
main                     0x800'048d  0x110  Code  Gb  main.o [1]
uwTick                  0x2000'0010    0x4  Data  Gb  stm32f4xx_hal.o [1]
uwTickFreq              0x2000'000c    0x1  Data  Gb  stm32f4xx_hal.o [1]
uwTickPrio              0x2000'0014    0x4  Data  Gb  stm32f4xx_hal.o [1]


[1] = E:\project\led88_point\EWARM\led88\Obj
[2] = dl7M_tln.a
[3] = m7M_tls.a
[4] = rt7M_tl.a
[5] = shb_l.a

  3 582 bytes of readonly  code memory
     50 bytes of readonly  data memory
  1 052 bytes of readwrite data memory

Errors: none
Warnings: none
